// Vitest Snapshot v1, https://vitest.dev/guide/snapshot.html

exports[`Login form test > should match snapshot 1`] = `undefined`;
