// Vitest Snapshot v1, https://vitest.dev/guide/snapshot.html

exports[`Post component test > should match snapshot 1`] = `undefined`;
