// Vitest Snapshot v1, https://vitest.dev/guide/snapshot.html

exports[`Signup form test > should match snapshot 1`] = `undefined`;
