// Vitest Snapshot v1, https://vitest.dev/guide/snapshot.html

exports[`Element matches snap shot 1`] = `undefined`;
